[debug] [2026-06-29T15:21:49.421Z] ----------------------------------------------------------------------
[debug] [2026-06-29T15:21:49.424Z] Command:       C:\Program Files\nodejs\node.exe C:\Users\Acer\AppData\Roaming\npm\node_modules\firebase-tools\lib\bin\firebase.js init
[debug] [2026-06-29T15:21:49.424Z] CLI Version:   15.22.3
[debug] [2026-06-29T15:21:49.424Z] Platform:      win32
[debug] [2026-06-29T15:21:49.424Z] Node Version:  v24.15.0
[debug] [2026-06-29T15:21:49.424Z] Detected Agent: unknown
[debug] [2026-06-29T15:21:49.424Z] Time:          Mon Jun 29 2026 22:21:49 GMT+0700 (Western Indonesia Time)
[debug] [2026-06-29T15:21:49.424Z] ----------------------------------------------------------------------
[debug] 
[info] 
     ######## #### ########  ######## ########     ###     ######  ########
     ##        ##  ##     ## ##       ##     ##  ##   ##  ##       ##
     ######    ##  ########  ######   ########  #########  ######  ######
     ##        ##  ##    ##  ##       ##     ## ##     ##       ## ##
     ##       #### ##     ## ######## ########  ##     ##  ######  ########

You're about to initialize a Firebase project in this directory:

  D:\Kuliah bang\skripsi\skripsi\koffee-pos

[info] 
=== Project Setup
[info] 
[info] First, let's associate this project directory with a Firebase project.
[info] You can create multiple project aliases by running firebase use --add, 
[info] 
[debug] [2026-06-29T15:22:31.207Z] > command requires scopes: ["email","openid","https://www.googleapis.com/auth/cloudplatformprojects.readonly","https://www.googleapis.com/auth/firebase","https://www.googleapis.com/auth/cloud-platform"]
[debug] [2026-06-29T15:22:31.208Z] > authorizing via signed-in user (timobaikk@gmail.com)
[debug] [2026-06-29T15:22:31.210Z] Checked if tokens are valid: true, expires at: 1782748055618
[debug] [2026-06-29T15:22:31.211Z] Checked if tokens are valid: true, expires at: 1782748055618
[debug] [2026-06-29T15:22:31.212Z] >>> [apiv2][query] GET https://firebase.googleapis.com/v1beta1/projects pageSize=100
[debug] [2026-06-29T15:22:31.922Z] <<< [apiv2][status] GET https://firebase.googleapis.com/v1beta1/projects 200
[debug] [2026-06-29T15:22:31.922Z] <<< [apiv2][body] GET https://firebase.googleapis.com/v1beta1/projects [omitted]
[info] 
=== Dataconnect Setup
[info] i  dataconnect: ensuring required API firebasedataconnect.googleapis.com is enabled... 
[debug] [2026-06-29T15:22:40.067Z] Checked if tokens are valid: true, expires at: 1782748055618
[debug] [2026-06-29T15:22:40.067Z] Checked if tokens are valid: true, expires at: 1782748055618
[info] i  dataconnect: ensuring required API sqladmin.googleapis.com is enabled... 
[debug] [2026-06-29T15:22:40.069Z] Checked if tokens are valid: true, expires at: 1782748055618
[debug] [2026-06-29T15:22:40.069Z] Checked if tokens are valid: true, expires at: 1782748055618
[debug] [2026-06-29T15:22:40.069Z] >>> [apiv2][query] GET https://serviceusage.googleapis.com/v1/projects/mamowicoffe/services/firebasedataconnect.googleapis.com [none]
[debug] [2026-06-29T15:22:40.069Z] >>> [apiv2][(partial)header] GET https://serviceusage.googleapis.com/v1/projects/mamowicoffe/services/firebasedataconnect.googleapis.com  x-goog-user-project=mamowicoffe
[debug] [2026-06-29T15:22:40.071Z] >>> [apiv2][query] GET https://serviceusage.googleapis.com/v1/projects/mamowicoffe/services/sqladmin.googleapis.com [none]
[debug] [2026-06-29T15:22:40.071Z] >>> [apiv2][(partial)header] GET https://serviceusage.googleapis.com/v1/projects/mamowicoffe/services/sqladmin.googleapis.com  x-goog-user-project=mamowicoffe
[debug] [2026-06-29T15:22:41.565Z] <<< [apiv2][status] GET https://serviceusage.googleapis.com/v1/projects/mamowicoffe/services/sqladmin.googleapis.com 200
[debug] [2026-06-29T15:22:41.565Z] <<< [apiv2][body] GET https://serviceusage.googleapis.com/v1/projects/mamowicoffe/services/sqladmin.googleapis.com [omitted]
[warn] !  dataconnect: missing required API sqladmin.googleapis.com. Enabling now... 
[debug] [2026-06-29T15:22:41.566Z] Checked if tokens are valid: true, expires at: 1782748055618
[debug] [2026-06-29T15:22:41.567Z] Checked if tokens are valid: true, expires at: 1782748055618
[debug] [2026-06-29T15:22:41.567Z] >>> [apiv2][query] POST https://serviceusage.googleapis.com/v1/projects/mamowicoffe/services/sqladmin.googleapis.com:enable [none]
[debug] [2026-06-29T15:22:41.567Z] >>> [apiv2][(partial)header] POST https://serviceusage.googleapis.com/v1/projects/mamowicoffe/services/sqladmin.googleapis.com:enable  x-goog-user-project=mamowicoffe
[debug] [2026-06-29T15:22:41.585Z] <<< [apiv2][status] GET https://serviceusage.googleapis.com/v1/projects/mamowicoffe/services/firebasedataconnect.googleapis.com 200
[debug] [2026-06-29T15:22:41.585Z] <<< [apiv2][body] GET https://serviceusage.googleapis.com/v1/projects/mamowicoffe/services/firebasedataconnect.googleapis.com [omitted]
[warn] !  dataconnect: missing required API firebasedataconnect.googleapis.com. Enabling now... 
[debug] [2026-06-29T15:22:41.585Z] Checked if tokens are valid: true, expires at: 1782748055618
[debug] [2026-06-29T15:22:41.586Z] Checked if tokens are valid: true, expires at: 1782748055618
[debug] [2026-06-29T15:22:41.586Z] >>> [apiv2][query] POST https://serviceusage.googleapis.com/v1/projects/mamowicoffe/services/firebasedataconnect.googleapis.com:enable [none]
[debug] [2026-06-29T15:22:41.586Z] >>> [apiv2][(partial)header] POST https://serviceusage.googleapis.com/v1/projects/mamowicoffe/services/firebasedataconnect.googleapis.com:enable  x-goog-user-project=mamowicoffe
[debug] [2026-06-29T15:22:42.015Z] <<< [apiv2][status] POST https://serviceusage.googleapis.com/v1/projects/mamowicoffe/services/firebasedataconnect.googleapis.com:enable 200
[debug] [2026-06-29T15:22:42.016Z] <<< [apiv2][body] POST https://serviceusage.googleapis.com/v1/projects/mamowicoffe/services/firebasedataconnect.googleapis.com:enable [omitted]
[debug] [2026-06-29T15:22:42.054Z] <<< [apiv2][status] POST https://serviceusage.googleapis.com/v1/projects/mamowicoffe/services/sqladmin.googleapis.com:enable 200
[debug] [2026-06-29T15:22:42.054Z] <<< [apiv2][body] POST https://serviceusage.googleapis.com/v1/projects/mamowicoffe/services/sqladmin.googleapis.com:enable [omitted]
[debug] [2026-06-29T15:22:52.093Z] Checked if tokens are valid: true, expires at: 1782748055618
[debug] [2026-06-29T15:22:52.093Z] Checked if tokens are valid: true, expires at: 1782748055618
[debug] [2026-06-29T15:22:52.093Z] >>> [apiv2][query] GET https://firebasedataconnect.googleapis.com/v1/projects/mamowicoffe/locations/-/services [none]
[debug] [2026-06-29T15:22:53.775Z] <<< [apiv2][status] GET https://firebasedataconnect.googleapis.com/v1/projects/mamowicoffe/locations/-/services 200
[debug] [2026-06-29T15:22:53.776Z] <<< [apiv2][body] GET https://firebasedataconnect.googleapis.com/v1/projects/mamowicoffe/locations/-/services {}
[debug] [2026-06-29T15:23:12.073Z] Checked if tokens are valid: true, expires at: 1782748055618
[debug] [2026-06-29T15:23:12.073Z] Checked if tokens are valid: true, expires at: 1782748055618
[debug] [2026-06-29T15:23:12.074Z] >>> [apiv2][query] GET https://serviceusage.googleapis.com/v1/projects/mamowicoffe/services/cloudbilling.googleapis.com [none]
[debug] [2026-06-29T15:23:12.074Z] >>> [apiv2][(partial)header] GET https://serviceusage.googleapis.com/v1/projects/mamowicoffe/services/cloudbilling.googleapis.com  x-goog-user-project=mamowicoffe
[debug] [2026-06-29T15:23:13.501Z] <<< [apiv2][status] GET https://serviceusage.googleapis.com/v1/projects/mamowicoffe/services/cloudbilling.googleapis.com 200
[debug] [2026-06-29T15:23:13.502Z] <<< [apiv2][body] GET https://serviceusage.googleapis.com/v1/projects/mamowicoffe/services/cloudbilling.googleapis.com [omitted]
[debug] [2026-06-29T15:23:13.502Z] Checked if tokens are valid: true, expires at: 1782748055618
[debug] [2026-06-29T15:23:13.503Z] Checked if tokens are valid: true, expires at: 1782748055618
[debug] [2026-06-29T15:23:13.503Z] >>> [apiv2][query] POST https://serviceusage.googleapis.com/v1/projects/mamowicoffe/services/cloudbilling.googleapis.com:enable [none]
[debug] [2026-06-29T15:23:13.503Z] >>> [apiv2][(partial)header] POST https://serviceusage.googleapis.com/v1/projects/mamowicoffe/services/cloudbilling.googleapis.com:enable  x-goog-user-project=mamowicoffe
[debug] [2026-06-29T15:23:13.990Z] <<< [apiv2][status] POST https://serviceusage.googleapis.com/v1/projects/mamowicoffe/services/cloudbilling.googleapis.com:enable 200
[debug] [2026-06-29T15:23:13.990Z] <<< [apiv2][body] POST https://serviceusage.googleapis.com/v1/projects/mamowicoffe/services/cloudbilling.googleapis.com:enable [omitted]
[debug] [2026-06-29T15:23:24.022Z] Checked if tokens are valid: true, expires at: 1782748055618
[debug] [2026-06-29T15:23:24.022Z] Checked if tokens are valid: true, expires at: 1782748055618
[debug] [2026-06-29T15:23:24.023Z] >>> [apiv2][query] GET https://cloudbilling.googleapis.com/v1/projects/mamowicoffe/billingInfo [none]
[debug] [2026-06-29T15:23:24.023Z] >>> [apiv2][(partial)header] GET https://cloudbilling.googleapis.com/v1/projects/mamowicoffe/billingInfo  x-goog-user-project=mamowicoffe
[debug] [2026-06-29T15:23:25.397Z] <<< [apiv2][status] GET https://cloudbilling.googleapis.com/v1/projects/mamowicoffe/billingInfo 200
[debug] [2026-06-29T15:23:25.398Z] <<< [apiv2][body] GET https://cloudbilling.googleapis.com/v1/projects/mamowicoffe/billingInfo {"name":"projects/mamowicoffe/billingInfo","projectId":"mamowicoffe","billingAccountName":"","billingEnabled":false}
[debug] [2026-06-29T15:23:25.413Z] Checked if tokens are valid: true, expires at: 1782748055618
[debug] [2026-06-29T15:23:25.413Z] Checked if tokens are valid: true, expires at: 1782748055618
[debug] [2026-06-29T15:23:25.413Z] >>> [apiv2][query] GET https://monitoring.googleapis.com/v3/projects/mamowicoffe/timeSeries/ filter=metric.type%3D%22serviceruntime.googleapis.com%2Fquota%2Fallocation%2Fusage%22+AND+metric.label.quota_metric+%3D+%22sqladmin.googleapis.com%2Ffdc_lifetime_free_trial_per_project%22&interval.endTime=2026-06-29T15%3A23%3A25.411Z&interval.startTime=2026-06-22T15%3A23%3A25.398Z
[debug] [2026-06-29T15:23:26.832Z] <<< [apiv2][status] GET https://monitoring.googleapis.com/v3/projects/mamowicoffe/timeSeries/ 200
[debug] [2026-06-29T15:23:26.832Z] <<< [apiv2][body] GET https://monitoring.googleapis.com/v3/projects/mamowicoffe/timeSeries/ {"unit":"1"}
[info] +  dataconnect: CloudSQL no cost trial available! 
[debug] [2026-06-29T15:23:26.833Z] Checked if tokens are valid: true, expires at: 1782748055618
[debug] [2026-06-29T15:23:26.833Z] Checked if tokens are valid: true, expires at: 1782748055618
[debug] [2026-06-29T15:23:26.833Z] >>> [apiv2][query] GET https://sqladmin.googleapis.com/v1/projects/mamowicoffe/instances [none]
[debug] [2026-06-29T15:23:27.653Z] <<< [apiv2][status] GET https://sqladmin.googleapis.com/v1/projects/mamowicoffe/instances 200
[debug] [2026-06-29T15:23:27.653Z] <<< [apiv2][body] GET https://sqladmin.googleapis.com/v1/projects/mamowicoffe/instances {}
[debug] [2026-06-29T15:23:27.653Z] Checked if tokens are valid: true, expires at: 1782748055618
[debug] [2026-06-29T15:23:27.653Z] Checked if tokens are valid: true, expires at: 1782748055618
[debug] [2026-06-29T15:23:27.654Z] >>> [apiv2][query] GET https://firebasedataconnect.googleapis.com/v1/projects/mamowicoffe/locations [none]
[debug] [2026-06-29T15:23:29.090Z] <<< [apiv2][status] GET https://firebasedataconnect.googleapis.com/v1/projects/mamowicoffe/locations 200
[debug] [2026-06-29T15:23:29.090Z] <<< [apiv2][body] GET https://firebasedataconnect.googleapis.com/v1/projects/mamowicoffe/locations {"locations":[{"name":"projects/mamowicoffe/locations/asia-east1","locationId":"asia-east1","displayName":"Taiwan"},{"name":"projects/mamowicoffe/locations/asia-east2","locationId":"asia-east2","displayName":"Hong Kong"},{"name":"projects/mamowicoffe/locations/asia-northeast1","locationId":"asia-northeast1","displayName":"Tokyo"},{"name":"projects/mamowicoffe/locations/asia-northeast2","locationId":"asia-northeast2","displayName":"Osaka"},{"name":"projects/mamowicoffe/locations/asia-northeast3","locationId":"asia-northeast3","displayName":"Seoul"},{"name":"projects/mamowicoffe/locations/asia-south1","locationId":"asia-south1","displayName":"Mumbai"},{"name":"projects/mamowicoffe/locations/asia-southeast1","locationId":"asia-southeast1","displayName":"Singapore"},{"name":"projects/mamowicoffe/locations/asia-southeast2","locationId":"asia-southeast2","displayName":"Jakarta"},{"name":"projects/mamowicoffe/locations/australia-southeast1","locationId":"australia-southeast1","displayName":"Sydney"},{"name":"projects/mamowicoffe/locations/australia-southeast2","locationId":"australia-southeast2","displayName":"Melbourne"},{"name":"projects/mamowicoffe/locations/europe-central2","locationId":"europe-central2","displayName":"Warsaw"},{"name":"projects/mamowicoffe/locations/europe-north1","locationId":"europe-north1","displayName":"Finland"},{"name":"projects/mamowicoffe/locations/europe-southwest1","locationId":"europe-southwest1","displayName":"Madrid"},{"name":"projects/mamowicoffe/locations/europe-west1","locationId":"europe-west1","displayName":"Belgium"},{"name":"projects/mamowicoffe/locations/europe-west2","locationId":"europe-west2","displayName":"London"},{"name":"projects/mamowicoffe/locations/europe-west3","locationId":"europe-west3","displayName":"Frankfurt"},{"name":"projects/mamowicoffe/locations/europe-west4","locationId":"europe-west4","displayName":"Netherlands"},{"name":"projects/mamowicoffe/locations/europe-west6","locationId":"europe-west6","displayName":"Zurich"},{"name":"projects/mamowicoffe/locations/europe-west8","locationId":"europe-west8","displayName":"Milan"},{"name":"projects/mamowicoffe/locations/europe-west9","locationId":"europe-west9","displayName":"Paris"},{"name":"projects/mamowicoffe/locations/me-west1","locationId":"me-west1","displayName":"Tel Aviv"},{"name":"projects/mamowicoffe/locations/northamerica-northeast1","locationId":"northamerica-northeast1","displayName":"Montréal"},{"name":"projects/mamowicoffe/locations/northamerica-northeast2","locationId":"northamerica-northeast2","displayName":"Toronto"},{"name":"projects/mamowicoffe/locations/southamerica-east1","locationId":"southamerica-east1","displayName":"São Paulo"},{"name":"projects/mamowicoffe/locations/southamerica-west1","locationId":"southamerica-west1","displayName":"Santiago"},{"name":"projects/mamowicoffe/locations/us-central1","locationId":"us-central1","displayName":"Iowa"},{"name":"projects/mamowicoffe/locations/us-east1","locationId":"us-east1","displayName":"South Carolina"},{"name":"projects/mamowicoffe/locations/us-east4","locationId":"us-east4","displayName":"Northern Virginia"},{"name":"projects/mamowicoffe/locations/us-south1","locationId":"us-south1","displayName":"Dallas"},{"name":"projects/mamowicoffe/locations/us-west1","locationId":"us-west1","displayName":"Oregon"},{"name":"projects/mamowicoffe/locations/us-west2","locationId":"us-west2","displayName":"Los Angeles"},{"name":"projects/mamowicoffe/locations/us-west3","locationId":"us-west3","displayName":"Salt Lake City"},{"name":"projects/mamowicoffe/locations/us-west4","locationId":"us-west4","displayName":"Las Vegas"}]}
[debug] [2026-06-29T15:23:32.952Z] ExitPromptError: User force closed the prompt with SIGINT
    at Interface.sigint (C:\Users\Acer\AppData\Roaming\npm\node_modules\firebase-tools\node_modules\@inquirer\core\dist\commonjs\lib\create-prompt.js:101:37)
    at Interface.emit (node:events:509:28)
    at [_ttyWrite] [as _ttyWrite] (node:internal/readline/interface:1327:18)
    at ReadStream.onkeypress (node:internal/readline/interface:284:20)
    at ReadStream.emit (node:events:521:24)
    at emitKeys (node:internal/readline/utils:371:14)
    at emitKeys.next (<anonymous>)
    at ReadStream.onData (node:internal/readline/emitKeypressEvents:64:36)
    at ReadStream.emit (node:events:509:28)
    at addChunk (node:internal/streams/readable:563:12)
[error] 
[error] Error: An unexpected error has occurred.
